---
source: src/ui/widgets/marker_names.rs
expression: terminal.backend()
---
"        Marker1                 Marker2                                         "
