---
source: src/ui/widgets/marker_names.rs
expression: terminal.backend()
---
"        M   Overlap             Marker2                                         "
