---
source: src/app.rs
expression: terminal.backend()
---
"┌──────────────────────────────────────────────────────────────────────────────┐"
"│DigiSurf | Time: 300 to 500 of 1000                                           │"
"└──────────────────────────────────────────────────────────────────────────────┘"
"┌Signals───────┐                                               ⢰⠒⠒⠒⠒⠒⠒⠒⠒⠒⠒⠒⠒⠒⠒⠒⠒"
"│clock         │⠒⠒⠒⠒⠒⠒⠒⠒⠒⠒⠒⠒⠒⠒⠒⠒⠒⠒⠒⠒⠒⠒⠒⠒⠒⠒⠒⠒⠒⠒⠒⠒⠒⠒⠒⠒⠒⠒⠒⠒⠒⠒⠒⠒⠒⠒⠒⠚                "
"│              │                                                                "
"│data          │⠒⠒⠒⠒⠒⠒⠒⠒⠒⠒⠒⠒⠒⠒⠒⠒⠒⠒⠒⠒⠒⠒⠒⠒⠒⠒⠒⠒⠒⠒⠒⠒⠒⠒⠒⠒⠒⠒⠒⠒⠒⠒⠒⠒⠒⠒⠒⠒⠒⠒⠒⠒⠒⠒⠒⠒⠒⠒⠒⠒⠒⠒⠒⠒"
"│              │                               ⢰⠒⠒⠒⠒⠒⠒⠒⠒⠒⠒⠒⠒⠒⠒⠒⠒⠒⠒⠒⠒⠒⠒⠒⠒⠒⠒⠒⠒⠒⠒⠒⠒"
"│enable        │⠒⠒⠒⠒⠒⠒⠒⠒⠒⠒⠒⠒⠒⠒⠒⠒⠒⠒⠒⠒⠒⠒⠒⠒⠒⠒⠒⠒⠒⠒⠒⠚                                "
"│              │                                                                "
"│              │                                                                "
"│              │                                                                "
"│              │                                                                "
"│              │                                                                "
"│              │                                                                "
"│              │                                                                "
"└──────────────┘                                                                "
"Normal──────────────────────────────────────────────────────────────────────────"
" ':' for command mode. :q, then <Enter> to quit. :h then <Enter> for help.      "
"                                                                                "
