---
source: src/app.rs
expression: terminal.backend()
---
"┌──────────────────────────────────────────────────────────────────────────────┐"
"│DigiSurf | Time: 0 to 50 of 100                                               │"
"└──────────────────────────────────────────────────────────────────────────────┘"
"┌Signals───────┐⢲ ⢰⢲⢰⢲ ⢰⢲⢰⠒⢲⢰⢲⢰⠒⢲⢰⢲⢰⠒⢲⢰⢲ ⢰⢲⢰⢲ ⢰⢲⢰⠒⢲⢰⢲⢰⠒⢲⢰⢲ ⢰⢲⢰⢲ ⢰⢲⢰⢲ ⢰⢲⢰⠒⢲⢰⢲⢰⠒⢲ "
"│clk           │⠘⠒⠚⠘⠚⠘⠒⠚⠘⠚ ⠘⠚⠘⠚ ⠘⠚⠘⠚ ⠘⠚⠘⠒⠚⠘⠚⠘⠒⠚⠘⠚ ⠘⠚⠘⠚ ⠘⠚⠘⠒⠚⠘⠚⠘⠒⠚⠘⠚⠘⠒⠚⠘⠚ ⠘⠚⠘⠚ ⠘⠒"
"│              │⠒⠒⠒⠒⠒⠒⠒⠒⠒⠒⠒⠒⢲                                                   "
"│reset         │            ⠘⠒⠒⠒⠒⠒⠒⠒⠒⠒⠒⠒⠒⠒⠒⠒⠒⠒⠒⠒⠒⠒⠒⠒⠒⠒⠒⠒⠒⠒⠒⠒⠒⠒⠒⠒⠒⠒⠒⠒⠒⠒⠒⠒⠒⠒⠒⠒⠒⠒⠒⠒"
"│              │⢲           ⢰⢲           ⢰⢲          ⢰⠒⢲          ⢰⢲            "
"│data_valid    │⠘⠒⠒⠒⠒⠒⠒⠒⠒⠒⠒⠒⠚⠘⠒⠒⠒⠒⠒⠒⠒⠒⠒⠒⠒⠚⠘⠒⠒⠒⠒⠒⠒⠒⠒⠒⠒⠚ ⠘⠒⠒⠒⠒⠒⠒⠒⠒⠒⠒⠚⠘⠒⠒⠒⠒⠒⠒⠒⠒⠒⠒⠒⠒"
"│              │⣶⣀⣰⣰⣰⣰⣀⣰⣰⣰⣀⣰⣰⣰⣰⣀⣰⣰⣰⣰⣀⣰⣰⣰⣀⣰⣰⣰⣰⣀⣰⣰⣰⣀⣰⣰⣰⣰⣀⣰⣰⣰⣀⣰⣰⣰⣰⣀⣰⣰⣰⣰⣀⣰⣰⣰⣀⣰⣰⣰⣰⣀⣰⣀"
"│data          │⠛ ⠘⠘⠘⠘ ⠘⠘⠘ ⠘⠘⠘⠘ ⠘⠘⠘⠘ ⠘⠘⠘ ⠘⠘⠘⠘ ⠘⠘⠘ ⠘⠘⠘⠘ ⠘⠘⠘ ⠘⠘⠘⠘ ⠘⠘⠘⠘ ⠘⠘⠘ ⠘⠘⠘⠘ ⠘ "
"│              │⣰⠒⠒⢲⣰⠒⠒⢲⣰⠒⠒⢲⣰⠒⢲⣀⣰⠒⢲⣰⠒⠒⢲⣰⠒⠒⢲⣰⠒⠒⢲⣰⠒⠒⢲⣰⠒⢲⣀⣰⠒⢲⣀⣰⠒⢲⣰⠒⠒⢲⣰⠒⠒⢲⣰⠒⠒⢲⣰⠒⢲⣀⣰⠒"
"│tristate      │                                                                "
"│              │⣀    ⢀⣀⣀    ⢀⣀    ⢀⣀     ⢀⣀    ⢀⣀    ⢀⣀⣀    ⢀⣀    ⢀⣀     ⢀⣀     "
"│undefined     │⠘⠒⠒⠒⠒⠚ ⠘⠒⠒⠒⠒⠚⠘⠒⠒⠒⠒⠚⠘⠒⠒⠒⠒⠒⠚⠘⠒⠒⠒⠒⠚⠘⠒⠒⠒⠒⠚ ⠘⠒⠒⠒⠒⠚⠘⠒⠒⠒⠒⠚⠘⠒⠒⠒⠒⠒⠚⠘⠒⠒⠒⠒⠒"
"│              │                                                                "
"└──────────────┘                                                                "
"Normal──────────────────────────────────────────────────────────────────────────"
" ':' for command mode. :q, then <Enter> to quit. :h then <Enter> for help.      "
"                                                                                "
