---
source: src/app.rs
expression: terminal.backend()
---
"┌──────────────────────────────────────────────────────────────────────────────┐"
"│DigiSurf | Time: 0 to 50 of 0                                                 │"
"└──────────────────────────────────────────────────────────────────────────────┘"
"                                                                                "
"                                                                                "
"┌Signals───────┐                                                                "
"│              │                                                                "
"│              │                                                                "
"│              │                                                                "
"│              │                                                                "
"│              │                                                                "
"│              │                                                                "
"│              │                                                                "
"│              │                                                                "
"│              │                                                                "
"│              │                                                                "
"Command executed successfully                                                   "
"Normal──────────────────────────────────────────────────────────────────────────"
" ':' for command mode. :q, then <Enter> to quit. :h then <Enter> for help.      "
"                                                                                "
