---
source: src/app.rs
expression: terminal.backend()
---
"                0    20    40     60    80     100   120   140    160   180     "
"                                                                                "
"┌Signals───────┐                               ⢰⠒⠒⠒⠒⠒⠒⠒⠒⠒⠒⠒⠒⠒⠒⠒⠒⠒⠒⠒⠒⠒⠒⠒⠒⠒⠒⠒⠒⠒⠒⠒⠒"
"│binary_signal │⠒⠒⠒⠒⠒⠒⠒⠒⠒⠒⠒⠒⠒⠒⠒⠒⠒⠒⠒⠒⠒⠒⠒⠒⠒⠒⠒⠒⠒⠒⠒⠚                                "
"│              │⣆⣀⣀⣀⣀⣀⣀⣀⣀⣀⣀⣀0A⣀⣀⣀⣀⣀⣀⣀⣀⣀⣀⣀⣰⣀⣀⣀⣀⣀⣀⣀⣀⣀⣀⣀⣀⣀⣀⣀⣀⣀⣀0F⣀⣀⣀⣀⣀⣀⣀⣀⣀⣀⣀⣀⣀⣀⣀⣀⣀⣀"
"│narrow_bus    │⠃                        ⠘                                      "
"│              │⣆⣀⣀⣀⣀⣀DEAD⣀⣀⣀⣀⣀⣰⣀⣀⣀⣀⣀⣀⣀⣀⣀⣀⣀⣀⣀⣀BEEF⣀⣀⣀⣀⣀⣀⣀⣀⣀⣀⣀⣀⣀⣰⣀⣀⣀⣀⣀⣀CAFE⣀⣀⣀⣀⣀⣀"
"│wide_bus      │⠃              ⠘                               ⠘                "
"│              │⣆⣀⣀⣀⣀⣀⣀⣀00⣀⣀⣀⣀⣀⣀⣀⣀⣰⣀⣀⣀⣀⣀⣀⣀⣀XZ⣀⣀⣀⣀⣀⣀⣀⣀⣰⣀⣀⣀⣀⣀⣀⣀⣀⣀⣀⣀⣀FF⣀⣀⣀⣀⣀⣀⣀⣀⣀⣀⣀⣀"
"│mixed_bus     │⠃                 ⠘                  ⠘                          "
"│              │                                                                "
"│              │                                                                "
"│              │                                                                "
"│              │                                                                "
"│              │                                                                "
"│              │                                                                "
"└──────────────┘                                                                "
"Normal──────────────────────────────────────────────────────────────────────────"
" ':' for command mode. :q, then <Enter> to quit. :h then <Enter> for help.      "
"                                                                                "
